
CondaError: Run 'conda init' before 'conda deactivate'


IMPORTANT: RNAcentral database has been inserted.
RNAcentral was previously Indexed!

FILTER BY RNAcentral DATABASE.

Filtering...

['/home/nuezsal/Omics_integration/sRNA/Libraries/02-Clean_data_fasta/sRNA_T3_SD_1.fasta', '/home/nuezsal/Omics_integration/sRNA/Libraries/02-Clean_data_fasta/sRNA_T1_MON_2.fasta', '/home/nuezsal/Omics_integration/sRNA/Libraries/02-Clean_data_fasta/sRNA_T1_D_2.fasta', '/home/nuezsal/Omics_integration/sRNA/Libraries/02-Clean_data_fasta/sRNA_T3_MON_2.fasta', '/home/nuezsal/Omics_integration/sRNA/Libraries/02-Clean_data_fasta/sRNA_T1_MON_1.fasta', '/home/nuezsal/Omics_integration/sRNA/Libraries/02-Clean_data_fasta/sRNA_T3_NT_1.fasta', '/home/nuezsal/Omics_integration/sRNA/Libraries/02-Clean_data_fasta/sRNA_T3_NT_2.fasta', '/home/nuezsal/Omics_integration/sRNA/Libraries/02-Clean_data_fasta/sRNA_T1_C_2.fasta', '/home/nuezsal/Omics_integration/sRNA/Libraries/02-Clean_data_fasta/sRNA_T3_D_1.fasta', '/home/nuezsal/Omics_integration/sRNA/Libraries/02-Clean_data_fasta/sRNA_T1_SD_2.fasta', '/home/nuezsal/Omics_integration/sRNA/Libraries/02-Clean_data_fasta/sRNA_T2_NT_2.fasta', '/home/nuezsal/Omics_integration/sRNA/Libraries/02-Clean_data_fasta/sRNA_T3_SD_3.fasta', '/home/nuezsal/Omics_integration/sRNA/Libraries/02-Clean_data_fasta/sRNA_T3_MON_1.fasta', '/home/nuezsal/Omics_integration/sRNA/Libraries/02-Clean_data_fasta/sRNA_T2_NT_3.fasta', '/home/nuezsal/Omics_integration/sRNA/Libraries/02-Clean_data_fasta/sRNA_T1_SD_1.fasta', '/home/nuezsal/Omics_integration/sRNA/Libraries/02-Clean_data_fasta/sRNA_T2_C_2.fasta', '/home/nuezsal/Omics_integration/sRNA/Libraries/02-Clean_data_fasta/sRNA_T3_C_2.fasta', '/home/nuezsal/Omics_integration/sRNA/Libraries/02-Clean_data_fasta/sRNA_T2_D_3.fasta', '/home/nuezsal/Omics_integration/sRNA/Libraries/02-Clean_data_fasta/sRNA_T2_SD_3.fasta', '/home/nuezsal/Omics_integration/sRNA/Libraries/02-Clean_data_fasta/sRNA_T2_C_1.fasta', '/home/nuezsal/Omics_integration/sRNA/Libraries/02-Clean_data_fasta/sRNA_T1_MON_3.fasta', '/home/nuezsal/Omics_integration/sRNA/Libraries/02-Clean_data_fasta/sRNA_T1_NT_3.fasta', '/home/nuezsal/Omics_integration/sRNA/Libraries/02-Clean_data_fasta/sRNA_T2_D_1.fasta', '/home/nuezsal/Omics_integration/sRNA/Libraries/02-Clean_data_fasta/sRNA_T3_SD_2.fasta', '/home/nuezsal/Omics_integration/sRNA/Libraries/02-Clean_data_fasta/sRNA_T2_SD_1.fasta', '/home/nuezsal/Omics_integration/sRNA/Libraries/02-Clean_data_fasta/sRNA_T2_C_3.fasta', '/home/nuezsal/Omics_integration/sRNA/Libraries/02-Clean_data_fasta/sRNA_T3_D_3.fasta', '/home/nuezsal/Omics_integration/sRNA/Libraries/02-Clean_data_fasta/sRNA_T3_C_3.fasta', '/home/nuezsal/Omics_integration/sRNA/Libraries/02-Clean_data_fasta/sRNA_T2_MON_2.fasta', '/home/nuezsal/Omics_integration/sRNA/Libraries/02-Clean_data_fasta/sRNA_T1_C_3.fasta', '/home/nuezsal/Omics_integration/sRNA/Libraries/02-Clean_data_fasta/sRNA_T1_NT_1.fasta', '/home/nuezsal/Omics_integration/sRNA/Libraries/02-Clean_data_fasta/sRNA_T2_NT_1.fasta', '/home/nuezsal/Omics_integration/sRNA/Libraries/02-Clean_data_fasta/sRNA_T1_NT_2.fasta', '/home/nuezsal/Omics_integration/sRNA/Libraries/02-Clean_data_fasta/sRNA_T1_D_1.fasta', '/home/nuezsal/Omics_integration/sRNA/Libraries/02-Clean_data_fasta/sRNA_T2_MON_1.fasta', '/home/nuezsal/Omics_integration/sRNA/Libraries/02-Clean_data_fasta/sRNA_T2_D_2.fasta', '/home/nuezsal/Omics_integration/sRNA/Libraries/02-Clean_data_fasta/sRNA_T3_D_2.fasta', '/home/nuezsal/Omics_integration/sRNA/Libraries/02-Clean_data_fasta/sRNA_T2_MON_3.fasta', '/home/nuezsal/Omics_integration/sRNA/Libraries/02-Clean_data_fasta/sRNA_T3_NT_4.fasta', '/home/nuezsal/Omics_integration/sRNA/Libraries/02-Clean_data_fasta/sRNA_T1_C_1.fasta', '/home/nuezsal/Omics_integration/sRNA/Libraries/02-Clean_data_fasta/sRNA_T1_SD_3.fasta', '/home/nuezsal/Omics_integration/sRNA/Libraries/02-Clean_data_fasta/sRNA_T3_C_1.fasta', '/home/nuezsal/Omics_integration/sRNA/Libraries/02-Clean_data_fasta/sRNA_T1_D_3.fasta', '/home/nuezsal/Omics_integration/sRNA/Libraries/02-Clean_data_fasta/sRNA_T3_NT_3.fasta', '/home/nuezsal/Omics_integration/sRNA/Libraries/02-Clean_data_fasta/sRNA_T2_SD_2.fasta', '/home/nuezsal/Omics_integration/sRNA/Libraries/02-Clean_data_fasta/sRNA_T3_MON_3.fasta']
# reads processed: 4320335
# reads with at least one alignment: 1101542 (25.50%)
# reads that failed to align: 3218793 (74.50%)
Reported 1101542 alignments
# reads processed: 2292740
# reads with at least one alignment: 789549 (34.44%)
# reads that failed to align: 1503191 (65.56%)
Reported 789549 alignments
# reads processed: 2308945
# reads with at least one alignment: 1134368 (49.13%)
# reads that failed to align: 1174577 (50.87%)
Reported 1134368 alignments
# reads processed: 3538725
# reads with at least one alignment: 688435 (19.45%)
# reads that failed to align: 2850290 (80.55%)
Reported 688435 alignments
# reads processed: 1689994
# reads with at least one alignment: 658541 (38.97%)
# reads that failed to align: 1031453 (61.03%)
Reported 658541 alignments
# reads processed: 3220857
# reads with at least one alignment: 996520 (30.94%)
# reads that failed to align: 2224337 (69.06%)
Reported 996520 alignments
# reads processed: 3566787
# reads with at least one alignment: 1150299 (32.25%)
# reads that failed to align: 2416488 (67.75%)
Reported 1150299 alignments
# reads processed: 1385185
# reads with at least one alignment: 898299 (64.85%)
# reads that failed to align: 486886 (35.15%)
Reported 898299 alignments
# reads processed: 3149008
# reads with at least one alignment: 573621 (18.22%)
# reads that failed to align: 2575387 (81.78%)
Reported 573621 alignments
# reads processed: 2027750
# reads with at least one alignment: 888606 (43.82%)
# reads that failed to align: 1139144 (56.18%)
Reported 888606 alignments
# reads processed: 2066904
# reads with at least one alignment: 840442 (40.66%)
# reads that failed to align: 1226462 (59.34%)
Reported 840442 alignments
# reads processed: 3042002
# reads with at least one alignment: 870687 (28.62%)
# reads that failed to align: 2171315 (71.38%)
Reported 870687 alignments
# reads processed: 3953490
# reads with at least one alignment: 779383 (19.71%)
# reads that failed to align: 3174107 (80.29%)
Reported 779383 alignments
# reads processed: 2402402
# reads with at least one alignment: 963029 (40.09%)
# reads that failed to align: 1439373 (59.91%)
Reported 963029 alignments
# reads processed: 1941094
# reads with at least one alignment: 699997 (36.06%)
# reads that failed to align: 1241097 (63.94%)
Reported 699997 alignments
# reads processed: 1533565
# reads with at least one alignment: 980510 (63.94%)
# reads that failed to align: 553055 (36.06%)
Reported 980510 alignments
# reads processed: 4343432
# reads with at least one alignment: 974805 (22.44%)
# reads that failed to align: 3368627 (77.56%)
Reported 974805 alignments
# reads processed: 2630034
# reads with at least one alignment: 902090 (34.30%)
# reads that failed to align: 1727944 (65.70%)
Reported 902090 alignments
# reads processed: 2671379
# reads with at least one alignment: 1098065 (41.10%)
# reads that failed to align: 1573314 (58.90%)
Reported 1098065 alignments
# reads processed: 1523376
# reads with at least one alignment: 1042204 (68.41%)
# reads that failed to align: 481172 (31.59%)
Reported 1042204 alignments
# reads processed: 1427486
# reads with at least one alignment: 827030 (57.94%)
# reads that failed to align: 600456 (42.06%)
Reported 827030 alignments
# reads processed: 3127470
# reads with at least one alignment: 1791296 (57.28%)
# reads that failed to align: 1336174 (42.72%)
Reported 1791296 alignments
# reads processed: 1879153
# reads with at least one alignment: 779886 (41.50%)
# reads that failed to align: 1099267 (58.50%)
Reported 779886 alignments
# reads processed: 3497612
# reads with at least one alignment: 1082355 (30.95%)
# reads that failed to align: 2415257 (69.05%)
Reported 1082355 alignments
# reads processed: 2657482
# reads with at least one alignment: 810480 (30.50%)
# reads that failed to align: 1847002 (69.50%)
Reported 810480 alignments
# reads processed: 1363725
# reads with at least one alignment: 833814 (61.14%)
# reads that failed to align: 529911 (38.86%)
Reported 833814 alignments
# reads processed: 3065591
# reads with at least one alignment: 386379 (12.60%)
# reads that failed to align: 2679212 (87.40%)
Reported 386379 alignments
# reads processed: 3974900
# reads with at least one alignment: 1201380 (30.22%)
# reads that failed to align: 2773520 (69.78%)
Reported 1201380 alignments
# reads processed: 2373434
# reads with at least one alignment: 847725 (35.72%)
# reads that failed to align: 1525709 (64.28%)
Reported 847725 alignments
# reads processed: 1933800
# reads with at least one alignment: 1264457 (65.39%)
# reads that failed to align: 669343 (34.61%)
Reported 1264457 alignments
# reads processed: 2428710
# reads with at least one alignment: 1198664 (49.35%)
# reads that failed to align: 1230046 (50.65%)
Reported 1198664 alignments
# reads processed: 2181048
# reads with at least one alignment: 720525 (33.04%)
# reads that failed to align: 1460523 (66.96%)
Reported 720525 alignments
# reads processed: 2393972
# reads with at least one alignment: 1157969 (48.37%)
# reads that failed to align: 1236003 (51.63%)
Reported 1157969 alignments
# reads processed: 2102902
# reads with at least one alignment: 1249349 (59.41%)
# reads that failed to align: 853553 (40.59%)
Reported 1249349 alignments
# reads processed: 2630271
# reads with at least one alignment: 965871 (36.72%)
# reads that failed to align: 1664400 (63.28%)
Reported 965871 alignments
# reads processed: 2267350
# reads with at least one alignment: 933642 (41.18%)
# reads that failed to align: 1333708 (58.82%)
Reported 933642 alignments
# reads processed: 2856142
# reads with at least one alignment: 448973 (15.72%)
# reads that failed to align: 2407169 (84.28%)
Reported 448973 alignments
# reads processed: 3086551
# reads with at least one alignment: 1281985 (41.53%)
# reads that failed to align: 1804566 (58.47%)
Reported 1281985 alignments
# reads processed: 3065197
# reads with at least one alignment: 1163481 (37.96%)
# reads that failed to align: 1901716 (62.04%)
Reported 1163481 alignments
# reads processed: 1738129
# reads with at least one alignment: 1165988 (67.08%)
# reads that failed to align: 572141 (32.92%)
Reported 1165988 alignments
# reads processed: 1773348
# reads with at least one alignment: 728046 (41.05%)
# reads that failed to align: 1045302 (58.95%)
Reported 728046 alignments
# reads processed: 3249099
# reads with at least one alignment: 651290 (20.05%)
# reads that failed to align: 2597809 (79.95%)
Reported 651290 alignments
# reads processed: 1855062
# reads with at least one alignment: 835947 (45.06%)
# reads that failed to align: 1019115 (54.94%)
Reported 835947 alignments
# reads processed: 4050116
# reads with at least one alignment: 915173 (22.60%)
# reads that failed to align: 3134943 (77.40%)
Reported 915173 alignments
# reads processed: 2952239
# reads with at least one alignment: 1055473 (35.75%)
# reads that failed to align: 1896766 (64.25%)
Reported 1055473 alignments
# reads processed: 3701759
# reads with at least one alignment: 1079222 (29.15%)
# reads that failed to align: 2622537 (70.85%)
Reported 1079222 alignments
/home/nuezsal/Omics_integration/sRNA/Libraries/03-RNAcentral_filtered/alignments

Percentage of sequences aligned on RNAcentral database:
--sRNA_T3_SD_1: 25.49668023428739%
--sRNA_T1_MON_2: 34.43691827246003%
--sRNA_T1_D_2: 49.1292776571118%
--sRNA_T3_MON_2: 19.454323237889355%
--sRNA_T1_MON_1: 38.96706142151984%
--sRNA_T3_NT_1: 30.939591543492927%
--sRNA_T3_NT_2: 32.25028576138693%
--sRNA_T1_C_2: 64.85047123669402%
--sRNA_T3_D_1: 18.215927047501943%
--sRNA_T1_SD_2: 43.822266058439155%
--sRNA_T2_NT_2: 40.661878829398944%
--sRNA_T3_SD_3: 28.622170531117337%
--sRNA_T3_MON_1: 19.71379717667175%
--sRNA_T2_NT_3: 40.08608883941988%
--sRNA_T1_SD_1: 36.06198360306095%
--sRNA_T2_C_2: 63.9366443548203%
--sRNA_T3_C_2: 22.44319699260861%
--sRNA_T2_D_3: 34.29955658367915%
--sRNA_T2_SD_3: 41.10480017998195%
--sRNA_T2_C_1: 68.41410131182322%
--sRNA_T1_MON_3: 57.93611986387257%
--sRNA_T1_NT_3: 57.2762008908159%
--sRNA_T2_D_1: 41.50199584600083%
--sRNA_T3_SD_2: 30.945542272842157%
--sRNA_T2_SD_1: 30.49804288420392%
--sRNA_T2_C_3: 61.14238574492658%
--sRNA_T3_D_3: 12.603736114830713%
--sRNA_T3_C_3: 30.224156582555533%
--sRNA_T2_MON_2: 35.71723502739069%
--sRNA_T1_C_3: 65.38716516702866%
--sRNA_T1_NT_1: 49.353936863602485%
--sRNA_T2_NT_1: 33.03572411061105%
--sRNA_T1_NT_2: 48.370198147680924%
--sRNA_T1_D_1: 59.41070958133095%
--sRNA_T2_MON_1: 36.72134924500175%
--sRNA_T2_D_2: 41.17767437757735%
--sRNA_T3_D_2: 15.719561562415313%
--sRNA_T2_MON_3: 41.534547784889995%
--sRNA_T3_NT_4: 37.95778868372897%
--sRNA_T1_C_1: 67.08293803279274%
--sRNA_T1_SD_3: 41.054886012220955%
--sRNA_T3_C_1: 20.04524946762164%
--sRNA_T1_D_3: 45.06302215235933%
--sRNA_T3_NT_3: 22.596216997241562%
--sRNA_T2_SD_2: 35.75161089600131%
--sRNA_T3_MON_3: 29.15430204937707%

CREATING THE ABSOLUTE COUNT TABLE OF EACH LIBRARY.

Building the directory...


Calculating the absolute counts...
Process 0 launched.
Process 1 launched.
Process 2 launched.
Process 3 launched.
Process 4 launched.
Process 5 launched.
Process 6 launched.
Process 7 launched.
Process 8 launched.
Process 9 launched.

DONE!
Time: 238.195 s

CREATING THE RPM TABLE OF EACH LIBRARY.

Building the directory...


Calculating the RPM counts...
Process 0 launched.
Process 1 launched.
Process 2 launched.
Process 3 launched.
Process 4 launched.
Process 5 launched.
Process 6 launched.
Process 7 launched.
Process 8 launched.
Process 9 launched.

DONE!
Time: 416.294 s

JOINING THE RPM AND ASBOLUTE TABLES IN TWO TABLES.

Building the directory...


Joining the tables mode = outer between replicates...
sRNA_T1_C_3_RNAcentral_filtered_abs
 (t_T1C_r_3)
Inserting sRNA_T1_C_3_RNAcentral_filtered_abs table in database (Absolute Counts)...
./tmp_merge/sRNA_omics_abs.db t_T1C_r_3 /home/nuezsal/Omics_integration/sRNA/Results/01-Absolute_counts_RF/sRNA_T1_C_3_RNAcentral_filtered_abs.csv counts_abs
Data inserted in t_T1C_r_3 correctly!
Creating index of t_T1C_r_3
DONE!

Inserting sRNA_T1_C_3_RNAcentral_filtered_abs table in database (RPM)...
./tmp_merge/sRNA_omics_RPM.db t_T1C_r_3 /home/nuezsal/Omics_integration/sRNA/Results/02-RPM_counts_RF/sRNA_T2_SD_3_RNAcentral_filtered_rpm.csv counts_rpm
Data inserted in t_T1C_r_3 correctly!
Creating index of t_T1C_r_3
DONE!

sRNA_T1_C_2_RNAcentral_filtered_abs
 (t_T1C_r_2)
Inserting sRNA_T1_C_2_RNAcentral_filtered_abs table in database (Absolute Counts)...
./tmp_merge/sRNA_omics_abs.db t_T1C_r_2 /home/nuezsal/Omics_integration/sRNA/Results/01-Absolute_counts_RF/sRNA_T1_C_2_RNAcentral_filtered_abs.csv counts_abs
Data inserted in t_T1C_r_2 correctly!
Creating index of t_T1C_r_2
DONE!

Inserting sRNA_T1_C_2_RNAcentral_filtered_abs table in database (RPM)...
./tmp_merge/sRNA_omics_RPM.db t_T1C_r_2 /home/nuezsal/Omics_integration/sRNA/Results/02-RPM_counts_RF/sRNA_T2_SD_1_RNAcentral_filtered_rpm.csv counts_rpm
Data inserted in t_T1C_r_2 correctly!
Creating index of t_T1C_r_2
DONE!

sRNA_T2_MON_2_RNAcentral_filtered_abs
 (t_T2MON_r_2)
Inserting sRNA_T2_MON_2_RNAcentral_filtered_abs table in database (Absolute Counts)...
./tmp_merge/sRNA_omics_abs.db t_T2MON_r_2 /home/nuezsal/Omics_integration/sRNA/Results/01-Absolute_counts_RF/sRNA_T2_MON_2_RNAcentral_filtered_abs.csv counts_abs
Data inserted in t_T2MON_r_2 correctly!
Creating index of t_T2MON_r_2
DONE!

Inserting sRNA_T2_MON_2_RNAcentral_filtered_abs table in database (RPM)...
./tmp_merge/sRNA_omics_RPM.db t_T2MON_r_2 /home/nuezsal/Omics_integration/sRNA/Results/02-RPM_counts_RF/sRNA_T2_C_1_RNAcentral_filtered_rpm.csv counts_rpm
Data inserted in t_T2MON_r_2 correctly!
Creating index of t_T2MON_r_2
DONE!

sRNA_T3_SD_1_RNAcentral_filtered_abs
 (t_T3SD_r_1)
Inserting sRNA_T3_SD_1_RNAcentral_filtered_abs table in database (Absolute Counts)...
./tmp_merge/sRNA_omics_abs.db t_T3SD_r_1 /home/nuezsal/Omics_integration/sRNA/Results/01-Absolute_counts_RF/sRNA_T3_SD_1_RNAcentral_filtered_abs.csv counts_abs
Data inserted in t_T3SD_r_1 correctly!
Creating index of t_T3SD_r_1
DONE!

Inserting sRNA_T3_SD_1_RNAcentral_filtered_abs table in database (RPM)...
./tmp_merge/sRNA_omics_RPM.db t_T3SD_r_1 /home/nuezsal/Omics_integration/sRNA/Results/02-RPM_counts_RF/sRNA_T1_C_1_RNAcentral_filtered_rpm.csv counts_rpm
Data inserted in t_T3SD_r_1 correctly!
Creating index of t_T3SD_r_1
DONE!

sRNA_T2_SD_1_RNAcentral_filtered_abs
 (t_T2SD_r_1)
Inserting sRNA_T2_SD_1_RNAcentral_filtered_abs table in database (Absolute Counts)...
./tmp_merge/sRNA_omics_abs.db t_T2SD_r_1 /home/nuezsal/Omics_integration/sRNA/Results/01-Absolute_counts_RF/sRNA_T2_SD_1_RNAcentral_filtered_abs.csv counts_abs
Data inserted in t_T2SD_r_1 correctly!
Creating index of t_T2SD_r_1
DONE!

Inserting sRNA_T2_SD_1_RNAcentral_filtered_abs table in database (RPM)...
./tmp_merge/sRNA_omics_RPM.db t_T2SD_r_1 /home/nuezsal/Omics_integration/sRNA/Results/02-RPM_counts_RF/sRNA_T1_NT_1_RNAcentral_filtered_rpm.csv counts_rpm
Data inserted in t_T2SD_r_1 correctly!
Creating index of t_T2SD_r_1
DONE!

sRNA_T1_MON_3_RNAcentral_filtered_abs
 (t_T1MON_r_3)
Inserting sRNA_T1_MON_3_RNAcentral_filtered_abs table in database (Absolute Counts)...
./tmp_merge/sRNA_omics_abs.db t_T1MON_r_3 /home/nuezsal/Omics_integration/sRNA/Results/01-Absolute_counts_RF/sRNA_T1_MON_3_RNAcentral_filtered_abs.csv counts_abs
Data inserted in t_T1MON_r_3 correctly!
Creating index of t_T1MON_r_3
DONE!

Inserting sRNA_T1_MON_3_RNAcentral_filtered_abs table in database (RPM)...
./tmp_merge/sRNA_omics_RPM.db t_T1MON_r_3 /home/nuezsal/Omics_integration/sRNA/Results/02-RPM_counts_RF/sRNA_T3_NT_3_RNAcentral_filtered_rpm.csv counts_rpm
Data inserted in t_T1MON_r_3 correctly!
Creating index of t_T1MON_r_3
DONE!

sRNA_T3_D_1_RNAcentral_filtered_abs
 (t_T3D_r_1)
Inserting sRNA_T3_D_1_RNAcentral_filtered_abs table in database (Absolute Counts)...
./tmp_merge/sRNA_omics_abs.db t_T3D_r_1 /home/nuezsal/Omics_integration/sRNA/Results/01-Absolute_counts_RF/sRNA_T3_D_1_RNAcentral_filtered_abs.csv counts_abs
Data inserted in t_T3D_r_1 correctly!
Creating index of t_T3D_r_1
DONE!

Inserting sRNA_T3_D_1_RNAcentral_filtered_abs table in database (RPM)...
./tmp_merge/sRNA_omics_RPM.db t_T3D_r_1 /home/nuezsal/Omics_integration/sRNA/Results/02-RPM_counts_RF/sRNA_T2_D_2_RNAcentral_filtered_rpm.csv counts_rpm
Data inserted in t_T3D_r_1 correctly!
Creating index of t_T3D_r_1
DONE!

sRNA_T3_NT_3_RNAcentral_filtered_abs
 (t_T3NT_r_3)
Inserting sRNA_T3_NT_3_RNAcentral_filtered_abs table in database (Absolute Counts)...
./tmp_merge/sRNA_omics_abs.db t_T3NT_r_3 /home/nuezsal/Omics_integration/sRNA/Results/01-Absolute_counts_RF/sRNA_T3_NT_3_RNAcentral_filtered_abs.csv counts_abs
Data inserted in t_T3NT_r_3 correctly!
Creating index of t_T3NT_r_3
DONE!

Inserting sRNA_T3_NT_3_RNAcentral_filtered_abs table in database (RPM)...
./tmp_merge/sRNA_omics_RPM.db t_T3NT_r_3 /home/nuezsal/Omics_integration/sRNA/Results/02-RPM_counts_RF/sRNA_T2_MON_1_RNAcentral_filtered_rpm.csv counts_rpm
Data inserted in t_T3NT_r_3 correctly!
Creating index of t_T3NT_r_3
DONE!

sRNA_T2_NT_2_RNAcentral_filtered_abs
 (t_T2NT_r_2)
Inserting sRNA_T2_NT_2_RNAcentral_filtered_abs table in database (Absolute Counts)...
./tmp_merge/sRNA_omics_abs.db t_T2NT_r_2 /home/nuezsal/Omics_integration/sRNA/Results/01-Absolute_counts_RF/sRNA_T2_NT_2_RNAcentral_filtered_abs.csv counts_abs
Data inserted in t_T2NT_r_2 correctly!
Creating index of t_T2NT_r_2
DONE!

Inserting sRNA_T2_NT_2_RNAcentral_filtered_abs table in database (RPM)...
./tmp_merge/sRNA_omics_RPM.db t_T2NT_r_2 /home/nuezsal/Omics_integration/sRNA/Results/02-RPM_counts_RF/sRNA_T3_MON_3_RNAcentral_filtered_rpm.csv counts_rpm
Data inserted in t_T2NT_r_2 correctly!
Creating index of t_T2NT_r_2
DONE!

sRNA_T2_NT_1_RNAcentral_filtered_abs
 (t_T2NT_r_1)
Inserting sRNA_T2_NT_1_RNAcentral_filtered_abs table in database (Absolute Counts)...
./tmp_merge/sRNA_omics_abs.db t_T2NT_r_1 /home/nuezsal/Omics_integration/sRNA/Results/01-Absolute_counts_RF/sRNA_T2_NT_1_RNAcentral_filtered_abs.csv counts_abs
Data inserted in t_T2NT_r_1 correctly!
Creating index of t_T2NT_r_1
DONE!

Inserting sRNA_T2_NT_1_RNAcentral_filtered_abs table in database (RPM)...
./tmp_merge/sRNA_omics_RPM.db t_T2NT_r_1 /home/nuezsal/Omics_integration/sRNA/Results/02-RPM_counts_RF/sRNA_T3_D_2_RNAcentral_filtered_rpm.csv counts_rpm
Data inserted in t_T2NT_r_1 correctly!
Creating index of t_T2NT_r_1
DONE!

sRNA_T3_NT_2_RNAcentral_filtered_abs
 (t_T3NT_r_2)
Inserting sRNA_T3_NT_2_RNAcentral_filtered_abs table in database (Absolute Counts)...
./tmp_merge/sRNA_omics_abs.db t_T3NT_r_2 /home/nuezsal/Omics_integration/sRNA/Results/01-Absolute_counts_RF/sRNA_T3_NT_2_RNAcentral_filtered_abs.csv counts_abs
Data inserted in t_T3NT_r_2 correctly!
Creating index of t_T3NT_r_2
DONE!

Inserting sRNA_T3_NT_2_RNAcentral_filtered_abs table in database (RPM)...
./tmp_merge/sRNA_omics_RPM.db t_T3NT_r_2 /home/nuezsal/Omics_integration/sRNA/Results/02-RPM_counts_RF/sRNA_T1_MON_2_RNAcentral_filtered_rpm.csv counts_rpm
Data inserted in t_T3NT_r_2 correctly!
Creating index of t_T3NT_r_2
DONE!

sRNA_T1_NT_2_RNAcentral_filtered_abs
 (t_T1NT_r_2)
Inserting sRNA_T1_NT_2_RNAcentral_filtered_abs table in database (Absolute Counts)...
./tmp_merge/sRNA_omics_abs.db t_T1NT_r_2 /home/nuezsal/Omics_integration/sRNA/Results/01-Absolute_counts_RF/sRNA_T1_NT_2_RNAcentral_filtered_abs.csv counts_abs
Data inserted in t_T1NT_r_2 correctly!
Creating index of t_T1NT_r_2
DONE!

Inserting sRNA_T1_NT_2_RNAcentral_filtered_abs table in database (RPM)...
./tmp_merge/sRNA_omics_RPM.db t_T1NT_r_2 /home/nuezsal/Omics_integration/sRNA/Results/02-RPM_counts_RF/sRNA_T3_MON_2_RNAcentral_filtered_rpm.csv counts_rpm
Data inserted in t_T1NT_r_2 correctly!
Creating index of t_T1NT_r_2
DONE!

sRNA_T2_SD_3_RNAcentral_filtered_abs
 (t_T2SD_r_3)
Inserting sRNA_T2_SD_3_RNAcentral_filtered_abs table in database (Absolute Counts)...
./tmp_merge/sRNA_omics_abs.db t_T2SD_r_3 /home/nuezsal/Omics_integration/sRNA/Results/01-Absolute_counts_RF/sRNA_T2_SD_3_RNAcentral_filtered_abs.csv counts_abs
Data inserted in t_T2SD_r_3 correctly!
Creating index of t_T2SD_r_3
DONE!

Inserting sRNA_T2_SD_3_RNAcentral_filtered_abs table in database (RPM)...
./tmp_merge/sRNA_omics_RPM.db t_T2SD_r_3 /home/nuezsal/Omics_integration/sRNA/Results/02-RPM_counts_RF/sRNA_T3_SD_1_RNAcentral_filtered_rpm.csv counts_rpm
Data inserted in t_T2SD_r_3 correctly!
Creating index of t_T2SD_r_3
DONE!

sRNA_T1_D_1_RNAcentral_filtered_abs
 (t_T1D_r_1)
Inserting sRNA_T1_D_1_RNAcentral_filtered_abs table in database (Absolute Counts)...
./tmp_merge/sRNA_omics_abs.db t_T1D_r_1 /home/nuezsal/Omics_integration/sRNA/Results/01-Absolute_counts_RF/sRNA_T1_D_1_RNAcentral_filtered_abs.csv counts_abs
Data inserted in t_T1D_r_1 correctly!
Creating index of t_T1D_r_1
DONE!

Inserting sRNA_T1_D_1_RNAcentral_filtered_abs table in database (RPM)...
./tmp_merge/sRNA_omics_RPM.db t_T1D_r_1 /home/nuezsal/Omics_integration/sRNA/Results/02-RPM_counts_RF/sRNA_T2_D_1_RNAcentral_filtered_rpm.csv counts_rpm
Data inserted in t_T1D_r_1 correctly!
Creating index of t_T1D_r_1
DONE!

sRNA_T3_D_3_RNAcentral_filtered_abs
 (t_T3D_r_3)
Inserting sRNA_T3_D_3_RNAcentral_filtered_abs table in database (Absolute Counts)...
./tmp_merge/sRNA_omics_abs.db t_T3D_r_3 /home/nuezsal/Omics_integration/sRNA/Results/01-Absolute_counts_RF/sRNA_T3_D_3_RNAcentral_filtered_abs.csv counts_abs
Data inserted in t_T3D_r_3 correctly!
Creating index of t_T3D_r_3
DONE!

Inserting sRNA_T3_D_3_RNAcentral_filtered_abs table in database (RPM)...
./tmp_merge/sRNA_omics_RPM.db t_T3D_r_3 /home/nuezsal/Omics_integration/sRNA/Results/02-RPM_counts_RF/sRNA_T2_D_3_RNAcentral_filtered_rpm.csv counts_rpm
Data inserted in t_T3D_r_3 correctly!
Creating index of t_T3D_r_3
DONE!

sRNA_T1_NT_3_RNAcentral_filtered_abs
 (t_T1NT_r_3)
Inserting sRNA_T1_NT_3_RNAcentral_filtered_abs table in database (Absolute Counts)...
./tmp_merge/sRNA_omics_abs.db t_T1NT_r_3 /home/nuezsal/Omics_integration/sRNA/Results/01-Absolute_counts_RF/sRNA_T1_NT_3_RNAcentral_filtered_abs.csv counts_abs
Data inserted in t_T1NT_r_3 correctly!
Creating index of t_T1NT_r_3
DONE!

Inserting sRNA_T1_NT_3_RNAcentral_filtered_abs table in database (RPM)...
./tmp_merge/sRNA_omics_RPM.db t_T1NT_r_3 /home/nuezsal/Omics_integration/sRNA/Results/02-RPM_counts_RF/sRNA_T1_NT_2_RNAcentral_filtered_rpm.csv counts_rpm
Data inserted in t_T1NT_r_3 correctly!
Creating index of t_T1NT_r_3
DONE!

sRNA_T2_MON_3_RNAcentral_filtered_abs
 (t_T2MON_r_3)
Inserting sRNA_T2_MON_3_RNAcentral_filtered_abs table in database (Absolute Counts)...
./tmp_merge/sRNA_omics_abs.db t_T2MON_r_3 /home/nuezsal/Omics_integration/sRNA/Results/01-Absolute_counts_RF/sRNA_T2_MON_3_RNAcentral_filtered_abs.csv counts_abs
Data inserted in t_T2MON_r_3 correctly!
Creating index of t_T2MON_r_3
DONE!

Inserting sRNA_T2_MON_3_RNAcentral_filtered_abs table in database (RPM)...
./tmp_merge/sRNA_omics_RPM.db t_T2MON_r_3 /home/nuezsal/Omics_integration/sRNA/Results/02-RPM_counts_RF/sRNA_T2_SD_2_RNAcentral_filtered_rpm.csv counts_rpm
Data inserted in t_T2MON_r_3 correctly!
Creating index of t_T2MON_r_3
DONE!

sRNA_T2_MON_1_RNAcentral_filtered_abs
 (t_T2MON_r_1)
Inserting sRNA_T2_MON_1_RNAcentral_filtered_abs table in database (Absolute Counts)...
./tmp_merge/sRNA_omics_abs.db t_T2MON_r_1 /home/nuezsal/Omics_integration/sRNA/Results/01-Absolute_counts_RF/sRNA_T2_MON_1_RNAcentral_filtered_abs.csv counts_abs
Data inserted in t_T2MON_r_1 correctly!
Creating index of t_T2MON_r_1
DONE!

Inserting sRNA_T2_MON_1_RNAcentral_filtered_abs table in database (RPM)...
./tmp_merge/sRNA_omics_RPM.db t_T2MON_r_1 /home/nuezsal/Omics_integration/sRNA/Results/02-RPM_counts_RF/sRNA_T1_MON_3_RNAcentral_filtered_rpm.csv counts_rpm
Data inserted in t_T2MON_r_1 correctly!
Creating index of t_T2MON_r_1
DONE!

sRNA_T1_NT_1_RNAcentral_filtered_abs
 (t_T1NT_r_1)
Inserting sRNA_T1_NT_1_RNAcentral_filtered_abs table in database (Absolute Counts)...
./tmp_merge/sRNA_omics_abs.db t_T1NT_r_1 /home/nuezsal/Omics_integration/sRNA/Results/01-Absolute_counts_RF/sRNA_T1_NT_1_RNAcentral_filtered_abs.csv counts_abs
Data inserted in t_T1NT_r_1 correctly!
Creating index of t_T1NT_r_1
DONE!

Inserting sRNA_T1_NT_1_RNAcentral_filtered_abs table in database (RPM)...
./tmp_merge/sRNA_omics_RPM.db t_T1NT_r_1 /home/nuezsal/Omics_integration/sRNA/Results/02-RPM_counts_RF/sRNA_T1_C_2_RNAcentral_filtered_rpm.csv counts_rpm
Data inserted in t_T1NT_r_1 correctly!
Creating index of t_T1NT_r_1
DONE!

sRNA_T3_C_3_RNAcentral_filtered_abs
 (t_T3C_r_3)
Inserting sRNA_T3_C_3_RNAcentral_filtered_abs table in database (Absolute Counts)...
./tmp_merge/sRNA_omics_abs.db t_T3C_r_3 /home/nuezsal/Omics_integration/sRNA/Results/01-Absolute_counts_RF/sRNA_T3_C_3_RNAcentral_filtered_abs.csv counts_abs
Data inserted in t_T3C_r_3 correctly!
Creating index of t_T3C_r_3
DONE!

Inserting sRNA_T3_C_3_RNAcentral_filtered_abs table in database (RPM)...
./tmp_merge/sRNA_omics_RPM.db t_T3C_r_3 /home/nuezsal/Omics_integration/sRNA/Results/02-RPM_counts_RF/sRNA_T3_SD_3_RNAcentral_filtered_rpm.csv counts_rpm
Data inserted in t_T3C_r_3 correctly!
Creating index of t_T3C_r_3
DONE!

sRNA_T1_MON_2_RNAcentral_filtered_abs
 (t_T1MON_r_2)
Inserting sRNA_T1_MON_2_RNAcentral_filtered_abs table in database (Absolute Counts)...
./tmp_merge/sRNA_omics_abs.db t_T1MON_r_2 /home/nuezsal/Omics_integration/sRNA/Results/01-Absolute_counts_RF/sRNA_T1_MON_2_RNAcentral_filtered_abs.csv counts_abs
Data inserted in t_T1MON_r_2 correctly!
Creating index of t_T1MON_r_2
DONE!

Inserting sRNA_T1_MON_2_RNAcentral_filtered_abs table in database (RPM)...
./tmp_merge/sRNA_omics_RPM.db t_T1MON_r_2 /home/nuezsal/Omics_integration/sRNA/Results/02-RPM_counts_RF/sRNA_T1_D_2_RNAcentral_filtered_rpm.csv counts_rpm
Data inserted in t_T1MON_r_2 correctly!
Creating index of t_T1MON_r_2
DONE!

sRNA_T2_D_3_RNAcentral_filtered_abs
 (t_T2D_r_3)
Inserting sRNA_T2_D_3_RNAcentral_filtered_abs table in database (Absolute Counts)...
./tmp_merge/sRNA_omics_abs.db t_T2D_r_3 /home/nuezsal/Omics_integration/sRNA/Results/01-Absolute_counts_RF/sRNA_T2_D_3_RNAcentral_filtered_abs.csv counts_abs
Data inserted in t_T2D_r_3 correctly!
Creating index of t_T2D_r_3
DONE!

Inserting sRNA_T2_D_3_RNAcentral_filtered_abs table in database (RPM)...
./tmp_merge/sRNA_omics_RPM.db t_T2D_r_3 /home/nuezsal/Omics_integration/sRNA/Results/02-RPM_counts_RF/sRNA_T3_NT_4_RNAcentral_filtered_rpm.csv counts_rpm
Data inserted in t_T2D_r_3 correctly!
Creating index of t_T2D_r_3
DONE!

sRNA_T2_SD_2_RNAcentral_filtered_abs
 (t_T2SD_r_2)
Inserting sRNA_T2_SD_2_RNAcentral_filtered_abs table in database (Absolute Counts)...
./tmp_merge/sRNA_omics_abs.db t_T2SD_r_2 /home/nuezsal/Omics_integration/sRNA/Results/01-Absolute_counts_RF/sRNA_T2_SD_2_RNAcentral_filtered_abs.csv counts_abs
Data inserted in t_T2SD_r_2 correctly!
Creating index of t_T2SD_r_2
DONE!

Inserting sRNA_T2_SD_2_RNAcentral_filtered_abs table in database (RPM)...
./tmp_merge/sRNA_omics_RPM.db t_T2SD_r_2 /home/nuezsal/Omics_integration/sRNA/Results/02-RPM_counts_RF/sRNA_T2_MON_3_RNAcentral_filtered_rpm.csv counts_rpm
Data inserted in t_T2SD_r_2 correctly!
Creating index of t_T2SD_r_2
DONE!

sRNA_T3_MON_1_RNAcentral_filtered_abs
 (t_T3MON_r_1)
Inserting sRNA_T3_MON_1_RNAcentral_filtered_abs table in database (Absolute Counts)...
./tmp_merge/sRNA_omics_abs.db t_T3MON_r_1 /home/nuezsal/Omics_integration/sRNA/Results/01-Absolute_counts_RF/sRNA_T3_MON_1_RNAcentral_filtered_abs.csv counts_abs
Data inserted in t_T3MON_r_1 correctly!
Creating index of t_T3MON_r_1
DONE!

Inserting sRNA_T3_MON_1_RNAcentral_filtered_abs table in database (RPM)...
./tmp_merge/sRNA_omics_RPM.db t_T3MON_r_1 /home/nuezsal/Omics_integration/sRNA/Results/02-RPM_counts_RF/sRNA_T3_NT_2_RNAcentral_filtered_rpm.csv counts_rpm
Data inserted in t_T3MON_r_1 correctly!
Creating index of t_T3MON_r_1
DONE!

sRNA_T2_C_3_RNAcentral_filtered_abs
 (t_T2C_r_3)
Inserting sRNA_T2_C_3_RNAcentral_filtered_abs table in database (Absolute Counts)...
./tmp_merge/sRNA_omics_abs.db t_T2C_r_3 /home/nuezsal/Omics_integration/sRNA/Results/01-Absolute_counts_RF/sRNA_T2_C_3_RNAcentral_filtered_abs.csv counts_abs
Data inserted in t_T2C_r_3 correctly!
Creating index of t_T2C_r_3
DONE!

Inserting sRNA_T2_C_3_RNAcentral_filtered_abs table in database (RPM)...
./tmp_merge/sRNA_omics_RPM.db t_T2C_r_3 /home/nuezsal/Omics_integration/sRNA/Results/02-RPM_counts_RF/sRNA_T1_NT_3_RNAcentral_filtered_rpm.csv counts_rpm
Data inserted in t_T2C_r_3 correctly!
Creating index of t_T2C_r_3
DONE!

sRNA_T3_NT_1_RNAcentral_filtered_abs
 (t_T3NT_r_1)
Inserting sRNA_T3_NT_1_RNAcentral_filtered_abs table in database (Absolute Counts)...
./tmp_merge/sRNA_omics_abs.db t_T3NT_r_1 /home/nuezsal/Omics_integration/sRNA/Results/01-Absolute_counts_RF/sRNA_T3_NT_1_RNAcentral_filtered_abs.csv counts_abs
Data inserted in t_T3NT_r_1 correctly!
Creating index of t_T3NT_r_1
DONE!

Inserting sRNA_T3_NT_1_RNAcentral_filtered_abs table in database (RPM)...
./tmp_merge/sRNA_omics_RPM.db t_T3NT_r_1 /home/nuezsal/Omics_integration/sRNA/Results/02-RPM_counts_RF/sRNA_T3_D_3_RNAcentral_filtered_rpm.csv counts_rpm
Data inserted in t_T3NT_r_1 correctly!
Creating index of t_T3NT_r_1
DONE!

sRNA_T3_D_2_RNAcentral_filtered_abs
 (t_T3D_r_2)
Inserting sRNA_T3_D_2_RNAcentral_filtered_abs table in database (Absolute Counts)...
./tmp_merge/sRNA_omics_abs.db t_T3D_r_2 /home/nuezsal/Omics_integration/sRNA/Results/01-Absolute_counts_RF/sRNA_T3_D_2_RNAcentral_filtered_abs.csv counts_abs
Data inserted in t_T3D_r_2 correctly!
Creating index of t_T3D_r_2
DONE!

Inserting sRNA_T3_D_2_RNAcentral_filtered_abs table in database (RPM)...
./tmp_merge/sRNA_omics_RPM.db t_T3D_r_2 /home/nuezsal/Omics_integration/sRNA/Results/02-RPM_counts_RF/sRNA_T3_SD_2_RNAcentral_filtered_rpm.csv counts_rpm
Data inserted in t_T3D_r_2 correctly!
Creating index of t_T3D_r_2
DONE!

sRNA_T3_C_2_RNAcentral_filtered_abs
 (t_T3C_r_2)
Inserting sRNA_T3_C_2_RNAcentral_filtered_abs table in database (Absolute Counts)...
./tmp_merge/sRNA_omics_abs.db t_T3C_r_2 /home/nuezsal/Omics_integration/sRNA/Results/01-Absolute_counts_RF/sRNA_T3_C_2_RNAcentral_filtered_abs.csv counts_abs
Data inserted in t_T3C_r_2 correctly!
Creating index of t_T3C_r_2
DONE!

Inserting sRNA_T3_C_2_RNAcentral_filtered_abs table in database (RPM)...
./tmp_merge/sRNA_omics_RPM.db t_T3C_r_2 /home/nuezsal/Omics_integration/sRNA/Results/02-RPM_counts_RF/sRNA_T2_C_3_RNAcentral_filtered_rpm.csv counts_rpm
Data inserted in t_T3C_r_2 correctly!
Creating index of t_T3C_r_2
DONE!

sRNA_T1_SD_2_RNAcentral_filtered_abs
 (t_T1SD_r_2)
Inserting sRNA_T1_SD_2_RNAcentral_filtered_abs table in database (Absolute Counts)...
./tmp_merge/sRNA_omics_abs.db t_T1SD_r_2 /home/nuezsal/Omics_integration/sRNA/Results/01-Absolute_counts_RF/sRNA_T1_SD_2_RNAcentral_filtered_abs.csv counts_abs
Data inserted in t_T1SD_r_2 correctly!
Creating index of t_T1SD_r_2
DONE!

Inserting sRNA_T1_SD_2_RNAcentral_filtered_abs table in database (RPM)...
./tmp_merge/sRNA_omics_RPM.db t_T1SD_r_2 /home/nuezsal/Omics_integration/sRNA/Results/02-RPM_counts_RF/sRNA_T1_MON_1_RNAcentral_filtered_rpm.csv counts_rpm
Data inserted in t_T1SD_r_2 correctly!
Creating index of t_T1SD_r_2
DONE!

sRNA_T1_MON_1_RNAcentral_filtered_abs
 (t_T1MON_r_1)
Inserting sRNA_T1_MON_1_RNAcentral_filtered_abs table in database (Absolute Counts)...
./tmp_merge/sRNA_omics_abs.db t_T1MON_r_1 /home/nuezsal/Omics_integration/sRNA/Results/01-Absolute_counts_RF/sRNA_T1_MON_1_RNAcentral_filtered_abs.csv counts_abs
Data inserted in t_T1MON_r_1 correctly!
Creating index of t_T1MON_r_1
DONE!

Inserting sRNA_T1_MON_1_RNAcentral_filtered_abs table in database (RPM)...
./tmp_merge/sRNA_omics_RPM.db t_T1MON_r_1 /home/nuezsal/Omics_integration/sRNA/Results/02-RPM_counts_RF/sRNA_T3_C_3_RNAcentral_filtered_rpm.csv counts_rpm
Data inserted in t_T1MON_r_1 correctly!
Creating index of t_T1MON_r_1
DONE!

sRNA_T3_NT_4_RNAcentral_filtered_abs
 (t_T3NT_r_4)
Inserting sRNA_T3_NT_4_RNAcentral_filtered_abs table in database (Absolute Counts)...
./tmp_merge/sRNA_omics_abs.db t_T3NT_r_4 /home/nuezsal/Omics_integration/sRNA/Results/01-Absolute_counts_RF/sRNA_T3_NT_4_RNAcentral_filtered_abs.csv counts_abs
Data inserted in t_T3NT_r_4 correctly!
Creating index of t_T3NT_r_4
DONE!

Inserting sRNA_T3_NT_4_RNAcentral_filtered_abs table in database (RPM)...
./tmp_merge/sRNA_omics_RPM.db t_T3NT_r_4 /home/nuezsal/Omics_integration/sRNA/Results/02-RPM_counts_RF/sRNA_T3_C_2_RNAcentral_filtered_rpm.csv counts_rpm
Data inserted in t_T3NT_r_4 correctly!
Creating index of t_T3NT_r_4
DONE!

sRNA_T2_C_1_RNAcentral_filtered_abs
 (t_T2C_r_1)
Inserting sRNA_T2_C_1_RNAcentral_filtered_abs table in database (Absolute Counts)...
./tmp_merge/sRNA_omics_abs.db t_T2C_r_1 /home/nuezsal/Omics_integration/sRNA/Results/01-Absolute_counts_RF/sRNA_T2_C_1_RNAcentral_filtered_abs.csv counts_abs
Data inserted in t_T2C_r_1 correctly!
Creating index of t_T2C_r_1
DONE!

Inserting sRNA_T2_C_1_RNAcentral_filtered_abs table in database (RPM)...
./tmp_merge/sRNA_omics_RPM.db t_T2C_r_1 /home/nuezsal/Omics_integration/sRNA/Results/02-RPM_counts_RF/sRNA_T1_SD_3_RNAcentral_filtered_rpm.csv counts_rpm
Data inserted in t_T2C_r_1 correctly!
Creating index of t_T2C_r_1
DONE!

sRNA_T3_SD_2_RNAcentral_filtered_abs
 (t_T3SD_r_2)
Inserting sRNA_T3_SD_2_RNAcentral_filtered_abs table in database (Absolute Counts)...
./tmp_merge/sRNA_omics_abs.db t_T3SD_r_2 /home/nuezsal/Omics_integration/sRNA/Results/01-Absolute_counts_RF/sRNA_T3_SD_2_RNAcentral_filtered_abs.csv counts_abs
Data inserted in t_T3SD_r_2 correctly!
Creating index of t_T3SD_r_2
DONE!

Inserting sRNA_T3_SD_2_RNAcentral_filtered_abs table in database (RPM)...
./tmp_merge/sRNA_omics_RPM.db t_T3SD_r_2 /home/nuezsal/Omics_integration/sRNA/Results/02-RPM_counts_RF/sRNA_T1_D_1_RNAcentral_filtered_rpm.csv counts_rpm
Data inserted in t_T3SD_r_2 correctly!
Creating index of t_T3SD_r_2
DONE!

sRNA_T1_SD_1_RNAcentral_filtered_abs
 (t_T1SD_r_1)
Inserting sRNA_T1_SD_1_RNAcentral_filtered_abs table in database (Absolute Counts)...
./tmp_merge/sRNA_omics_abs.db t_T1SD_r_1 /home/nuezsal/Omics_integration/sRNA/Results/01-Absolute_counts_RF/sRNA_T1_SD_1_RNAcentral_filtered_abs.csv counts_abs
Data inserted in t_T1SD_r_1 correctly!
Creating index of t_T1SD_r_1
DONE!

Inserting sRNA_T1_SD_1_RNAcentral_filtered_abs table in database (RPM)...
./tmp_merge/sRNA_omics_RPM.db t_T1SD_r_1 /home/nuezsal/Omics_integration/sRNA/Results/02-RPM_counts_RF/sRNA_T1_SD_1_RNAcentral_filtered_rpm.csv counts_rpm
Data inserted in t_T1SD_r_1 correctly!
Creating index of t_T1SD_r_1
DONE!

sRNA_T3_SD_3_RNAcentral_filtered_abs
 (t_T3SD_r_3)
Inserting sRNA_T3_SD_3_RNAcentral_filtered_abs table in database (Absolute Counts)...
./tmp_merge/sRNA_omics_abs.db t_T3SD_r_3 /home/nuezsal/Omics_integration/sRNA/Results/01-Absolute_counts_RF/sRNA_T3_SD_3_RNAcentral_filtered_abs.csv counts_abs
Data inserted in t_T3SD_r_3 correctly!
Creating index of t_T3SD_r_3
DONE!

Inserting sRNA_T3_SD_3_RNAcentral_filtered_abs table in database (RPM)...
./tmp_merge/sRNA_omics_RPM.db t_T3SD_r_3 /home/nuezsal/Omics_integration/sRNA/Results/02-RPM_counts_RF/sRNA_T3_C_1_RNAcentral_filtered_rpm.csv counts_rpm
Data inserted in t_T3SD_r_3 correctly!
Creating index of t_T3SD_r_3
DONE!

sRNA_T3_C_1_RNAcentral_filtered_abs
 (t_T3C_r_1)
Inserting sRNA_T3_C_1_RNAcentral_filtered_abs table in database (Absolute Counts)...
./tmp_merge/sRNA_omics_abs.db t_T3C_r_1 /home/nuezsal/Omics_integration/sRNA/Results/01-Absolute_counts_RF/sRNA_T3_C_1_RNAcentral_filtered_abs.csv counts_abs
Data inserted in t_T3C_r_1 correctly!
Creating index of t_T3C_r_1
DONE!

Inserting sRNA_T3_C_1_RNAcentral_filtered_abs table in database (RPM)...
./tmp_merge/sRNA_omics_RPM.db t_T3C_r_1 /home/nuezsal/Omics_integration/sRNA/Results/02-RPM_counts_RF/sRNA_T1_D_3_RNAcentral_filtered_rpm.csv counts_rpm
Data inserted in t_T3C_r_1 correctly!
Creating index of t_T3C_r_1
DONE!

sRNA_T2_NT_3_RNAcentral_filtered_abs
 (t_T2NT_r_3)
Inserting sRNA_T2_NT_3_RNAcentral_filtered_abs table in database (Absolute Counts)...
./tmp_merge/sRNA_omics_abs.db t_T2NT_r_3 /home/nuezsal/Omics_integration/sRNA/Results/01-Absolute_counts_RF/sRNA_T2_NT_3_RNAcentral_filtered_abs.csv counts_abs
Data inserted in t_T2NT_r_3 correctly!
Creating index of t_T2NT_r_3
DONE!

Inserting sRNA_T2_NT_3_RNAcentral_filtered_abs table in database (RPM)...
./tmp_merge/sRNA_omics_RPM.db t_T2NT_r_3 /home/nuezsal/Omics_integration/sRNA/Results/02-RPM_counts_RF/sRNA_T2_NT_2_RNAcentral_filtered_rpm.csv counts_rpm
Data inserted in t_T2NT_r_3 correctly!
Creating index of t_T2NT_r_3
DONE!

sRNA_T1_D_2_RNAcentral_filtered_abs
 (t_T1D_r_2)
Inserting sRNA_T1_D_2_RNAcentral_filtered_abs table in database (Absolute Counts)...
./tmp_merge/sRNA_omics_abs.db t_T1D_r_2 /home/nuezsal/Omics_integration/sRNA/Results/01-Absolute_counts_RF/sRNA_T1_D_2_RNAcentral_filtered_abs.csv counts_abs
Data inserted in t_T1D_r_2 correctly!
Creating index of t_T1D_r_2
DONE!

Inserting sRNA_T1_D_2_RNAcentral_filtered_abs table in database (RPM)...
./tmp_merge/sRNA_omics_RPM.db t_T1D_r_2 /home/nuezsal/Omics_integration/sRNA/Results/02-RPM_counts_RF/sRNA_T3_MON_1_RNAcentral_filtered_rpm.csv counts_rpm
Data inserted in t_T1D_r_2 correctly!
Creating index of t_T1D_r_2
DONE!

sRNA_T1_SD_3_RNAcentral_filtered_abs
 (t_T1SD_r_3)
Inserting sRNA_T1_SD_3_RNAcentral_filtered_abs table in database (Absolute Counts)...
./tmp_merge/sRNA_omics_abs.db t_T1SD_r_3 /home/nuezsal/Omics_integration/sRNA/Results/01-Absolute_counts_RF/sRNA_T1_SD_3_RNAcentral_filtered_abs.csv counts_abs
Data inserted in t_T1SD_r_3 correctly!
Creating index of t_T1SD_r_3
DONE!

Inserting sRNA_T1_SD_3_RNAcentral_filtered_abs table in database (RPM)...
./tmp_merge/sRNA_omics_RPM.db t_T1SD_r_3 /home/nuezsal/Omics_integration/sRNA/Results/02-RPM_counts_RF/sRNA_T3_NT_1_RNAcentral_filtered_rpm.csv counts_rpm
Data inserted in t_T1SD_r_3 correctly!
Creating index of t_T1SD_r_3
DONE!

sRNA_T3_MON_3_RNAcentral_filtered_abs
 (t_T3MON_r_3)
Inserting sRNA_T3_MON_3_RNAcentral_filtered_abs table in database (Absolute Counts)...
./tmp_merge/sRNA_omics_abs.db t_T3MON_r_3 /home/nuezsal/Omics_integration/sRNA/Results/01-Absolute_counts_RF/sRNA_T3_MON_3_RNAcentral_filtered_abs.csv counts_abs
Data inserted in t_T3MON_r_3 correctly!
Creating index of t_T3MON_r_3
DONE!

Inserting sRNA_T3_MON_3_RNAcentral_filtered_abs table in database (RPM)...
./tmp_merge/sRNA_omics_RPM.db t_T3MON_r_3 /home/nuezsal/Omics_integration/sRNA/Results/02-RPM_counts_RF/sRNA_T1_C_3_RNAcentral_filtered_rpm.csv counts_rpm
Data inserted in t_T3MON_r_3 correctly!
Creating index of t_T3MON_r_3
DONE!

sRNA_T2_D_2_RNAcentral_filtered_abs
 (t_T2D_r_2)
Inserting sRNA_T2_D_2_RNAcentral_filtered_abs table in database (Absolute Counts)...
./tmp_merge/sRNA_omics_abs.db t_T2D_r_2 /home/nuezsal/Omics_integration/sRNA/Results/01-Absolute_counts_RF/sRNA_T2_D_2_RNAcentral_filtered_abs.csv counts_abs
Data inserted in t_T2D_r_2 correctly!
Creating index of t_T2D_r_2
DONE!

Inserting sRNA_T2_D_2_RNAcentral_filtered_abs table in database (RPM)...
./tmp_merge/sRNA_omics_RPM.db t_T2D_r_2 /home/nuezsal/Omics_integration/sRNA/Results/02-RPM_counts_RF/sRNA_T1_SD_2_RNAcentral_filtered_rpm.csv counts_rpm
Data inserted in t_T2D_r_2 correctly!
Creating index of t_T2D_r_2
DONE!

sRNA_T3_MON_2_RNAcentral_filtered_abs
 (t_T3MON_r_2)
Inserting sRNA_T3_MON_2_RNAcentral_filtered_abs table in database (Absolute Counts)...
./tmp_merge/sRNA_omics_abs.db t_T3MON_r_2 /home/nuezsal/Omics_integration/sRNA/Results/01-Absolute_counts_RF/sRNA_T3_MON_2_RNAcentral_filtered_abs.csv counts_abs
Data inserted in t_T3MON_r_2 correctly!
Creating index of t_T3MON_r_2
DONE!

Inserting sRNA_T3_MON_2_RNAcentral_filtered_abs table in database (RPM)...
./tmp_merge/sRNA_omics_RPM.db t_T3MON_r_2 /home/nuezsal/Omics_integration/sRNA/Results/02-RPM_counts_RF/sRNA_T2_C_2_RNAcentral_filtered_rpm.csv counts_rpm
Data inserted in t_T3MON_r_2 correctly!
Creating index of t_T3MON_r_2
DONE!

sRNA_T1_D_3_RNAcentral_filtered_abs
 (t_T1D_r_3)
Inserting sRNA_T1_D_3_RNAcentral_filtered_abs table in database (Absolute Counts)...
./tmp_merge/sRNA_omics_abs.db t_T1D_r_3 /home/nuezsal/Omics_integration/sRNA/Results/01-Absolute_counts_RF/sRNA_T1_D_3_RNAcentral_filtered_abs.csv counts_abs
Data inserted in t_T1D_r_3 correctly!
Creating index of t_T1D_r_3
DONE!

Inserting sRNA_T1_D_3_RNAcentral_filtered_abs table in database (RPM)...
./tmp_merge/sRNA_omics_RPM.db t_T1D_r_3 /home/nuezsal/Omics_integration/sRNA/Results/02-RPM_counts_RF/sRNA_T2_MON_2_RNAcentral_filtered_rpm.csv counts_rpm
Data inserted in t_T1D_r_3 correctly!
Creating index of t_T1D_r_3
DONE!

sRNA_T2_D_1_RNAcentral_filtered_abs
 (t_T2D_r_1)
Inserting sRNA_T2_D_1_RNAcentral_filtered_abs table in database (Absolute Counts)...
./tmp_merge/sRNA_omics_abs.db t_T2D_r_1 /home/nuezsal/Omics_integration/sRNA/Results/01-Absolute_counts_RF/sRNA_T2_D_1_RNAcentral_filtered_abs.csv counts_abs
Data inserted in t_T2D_r_1 correctly!
Creating index of t_T2D_r_1
DONE!

Inserting sRNA_T2_D_1_RNAcentral_filtered_abs table in database (RPM)...
./tmp_merge/sRNA_omics_RPM.db t_T2D_r_1 /home/nuezsal/Omics_integration/sRNA/Results/02-RPM_counts_RF/sRNA_T2_NT_3_RNAcentral_filtered_rpm.csv counts_rpm
Data inserted in t_T2D_r_1 correctly!
Creating index of t_T2D_r_1
DONE!

sRNA_T2_C_2_RNAcentral_filtered_abs
 (t_T2C_r_2)
Inserting sRNA_T2_C_2_RNAcentral_filtered_abs table in database (Absolute Counts)...
./tmp_merge/sRNA_omics_abs.db t_T2C_r_2 /home/nuezsal/Omics_integration/sRNA/Results/01-Absolute_counts_RF/sRNA_T2_C_2_RNAcentral_filtered_abs.csv counts_abs
Data inserted in t_T2C_r_2 correctly!
Creating index of t_T2C_r_2
DONE!

Inserting sRNA_T2_C_2_RNAcentral_filtered_abs table in database (RPM)...
./tmp_merge/sRNA_omics_RPM.db t_T2C_r_2 /home/nuezsal/Omics_integration/sRNA/Results/02-RPM_counts_RF/sRNA_T2_NT_1_RNAcentral_filtered_rpm.csv counts_rpm
Data inserted in t_T2C_r_2 correctly!
Creating index of t_T2C_r_2
DONE!

sRNA_T1_C_1_RNAcentral_filtered_abs
 (t_T1C_r_1)
Inserting sRNA_T1_C_1_RNAcentral_filtered_abs table in database (Absolute Counts)...
./tmp_merge/sRNA_omics_abs.db t_T1C_r_1 /home/nuezsal/Omics_integration/sRNA/Results/01-Absolute_counts_RF/sRNA_T1_C_1_RNAcentral_filtered_abs.csv counts_abs
Data inserted in t_T1C_r_1 correctly!
Creating index of t_T1C_r_1
DONE!

Inserting sRNA_T1_C_1_RNAcentral_filtered_abs table in database (RPM)...
./tmp_merge/sRNA_omics_RPM.db t_T1C_r_1 /home/nuezsal/Omics_integration/sRNA/Results/02-RPM_counts_RF/sRNA_T3_D_1_RNAcentral_filtered_rpm.csv counts_rpm
Data inserted in t_T1C_r_1 correctly!
Creating index of t_T1C_r_1
DONE!

Joining samples of the same condition (Replicates)...
Process 1 launched.
Process 2 launched.
DONE!

Joining condition tables...
Process 1 launched.
Process 2 launched.
DONE!

Saving tables resulting from the joining process in a csv file (Absolute Counts)...
Exporting data into CSV...
Saving tables resulting from the joining process in a csv file (RPM)...
Exporting data into CSV...
Calculating average of replicates of each condition (Absolute Counts)...
Calculating average of replicates of each condition(RPM)...
DONE!


Saving AVG-Abs tables in a csv file...
Exporting data into CSV...

Saving AVG-RPM tables in a csv file...
Exporting data into CSV...
Files saved!

